/moduloUARTC/moduloReceptorUARTInstancia/datapath__5_moduloReceptorUART__GD:2079971772
/moduloUARTB/moduloReceptorUARTInstancia/case__21_moduloReceptorUART__GD:2617060724
/moduloUARTA/moduloTransmisorUARTInstancia:2929918325
/moduloUARTB/moduloReceptorUARTInstancia/moduloReceptorUART__GB2:4258940627
/moduloUARTC/moduloReceptorUARTInstancia/moduloReceptorUART__GB1:1691555689
/moduloUARTA/moduloReceptorUARTInstancia/moduloReceptorUART__GB2:4258940627
/moduloUARTC/moduloReceptorUARTInstancia/moduloReceptorUART__GB3:2329769541
/moduloUARTB/moduloReceptorUARTInstancia/moduloReceptorUART__GB1:1691555689
/moduloUARTA/moduloReceptorUARTInstancia/moduloReceptorUART__GB3:2329769541
/moduloUARTA/moduloReceptorUARTInstancia/case__21_moduloReceptorUART__GD:2617060724
/moduloPrincipal__GC0:2500267023
/moduloUARTC/moduloTransmisorUARTInstancia:2929918325
/moduloUARTA/moduloReceptorUARTInstancia/datapath__5_moduloReceptorUART__GD:2079971772
/moduloUARTC/moduloReceptorUARTInstancia/moduloReceptorUART__GB2:4258940627
/moduloUARTB/moduloTransmisorUARTInstancia:2929918325
/moduloUARTA/moduloReceptorUARTInstancia/moduloReceptorUART__GB1:1691555689
/moduloUARTC/moduloReceptorUARTInstancia/case__21_moduloReceptorUART__GD:2617060724
/moduloUARTB/moduloReceptorUARTInstancia/moduloReceptorUART__GB3:2329769541
/moduloUARTB/moduloReceptorUARTInstancia/datapath__5_moduloReceptorUART__GD:2079971772
